
> demand-os@1.0.0 build
> npm run build --workspace=web


> web@1.0.0 build
> next build

   鈻?Next.js 15.1.0
   - Environments: .env.local, .env.production

   Creating an optimized production build ...
 鉁?Compiled successfully
   Linting and checking validity of types ...
